// Jest Snapshot v1, https://goo.gl/fbAQLP

exports[`allDestinations matches snapshot 1`] = `
Object {
  "allDestinations": Array [
    Object {
      "alias": "Storuman",
      "lat": 65.090833,
      "lon": 17.1075,
    },
    Object {
      "alias": "Kvikkjokk",
      "lat": 66.9501067,
      "lon": 17.70861,
    },
    Object {
      "alias": "Slussfors",
      "lat": 65.4308046,
      "lon": 16.2481741,
    },
  ],
}
`;
